
> frontend@0.1.0 build
> next build

  ▲ Next.js 14.2.35

   Creating an optimized production build ...
 ✓ Compiled successfully
   Linting and checking validity of types ...

Failed to compile.

./app/dashboard/page.tsx
16:60  Error: Unexpected any. Specify a different type.  @typescript-eslint/no-explicit-any
91:34  Error: `'` can be escaped with `&apos;`, `&lsquo;`, `&#39;`, `&rsquo;`.  react/no-unescaped-entities
95:43  Error: Unexpected any. Specify a different type.  @typescript-eslint/no-explicit-any

./app/gigs/[id]/page.tsx
17:36  Error: Unexpected any. Specify a different type.  @typescript-eslint/no-explicit-any

./app/gigs/create/page.tsx
41:23  Error: Unexpected any. Specify a different type.  @typescript-eslint/no-explicit-any

./app/gigs/page.tsx
56:45  Error: Unexpected any. Specify a different type.  @typescript-eslint/no-explicit-any

./app/login/page.tsx
37:23  Error: Unexpected any. Specify a different type.  @typescript-eslint/no-explicit-any

./app/page.tsx
75:74  Error: `'` can be escaped with `&apos;`, `&lsquo;`, `&#39;`, `&rsquo;`.  react/no-unescaped-entities
75:107  Error: `'` can be escaped with `&apos;`, `&lsquo;`, `&#39;`, `&rsquo;`.  react/no-unescaped-entities

./app/register/page.tsx
45:23  Error: Unexpected any. Specify a different type.  @typescript-eslint/no-explicit-any

./components/BidModal.tsx
30:23  Error: Unexpected any. Specify a different type.  @typescript-eslint/no-explicit-any

info  - Need to disable some ESLint rules? Learn more here: https://nextjs.org/docs/basic-features/eslint#disabling-rules
